BL51 BANKED LINKER/LOCATER V6.22.4.0                                                    04/11/2024  00:11:03  PAGE 1


BL51 BANKED LINKER/LOCATER V6.22.4.0, INVOKED BY:
C:\KEIL_V5\C51\BIN\BL51.EXE .\Objects\better_blinker.obj, .\Objects\different_blinker.obj, .\Objects\one_second_blinker.
>> obj TO .\Objects\test PRINT (.\Listings\test.m51) RAMSIZE (256)


INPUT MODULES INCLUDED:
  .\Objects\better_blinker.obj (BETTER_BLINKER)
  .\Objects\different_blinker.obj (DIFFERENT_BLINKER)
  .\Objects\one_second_blinker.obj (ONE_SECOND_BLINKER)


LINK MAP OF MODULE:  .\Objects\test (BETTER_BLINKER)


            TYPE    BASE      LENGTH    RELOCATION   SEGMENT NAME
            -----------------------------------------------------

            * * * * * * *   D A T A   M E M O R Y   * * * * * * *
            REG     0000H     0008H     ABSOLUTE     "REG BANK 0"

            * * * * * * *   C O D E   M E M O R Y   * * * * * * *
            CODE    0000H     002EH     ABSOLUTE     
* OVERLAP * CODE    0000H     001DH     ABSOLUTE     
* OVERLAP * CODE    0000H     0024H     ABSOLUTE     



SYMBOL TABLE OF MODULE:  .\Objects\test (BETTER_BLINKER)

  VALUE           TYPE          NAME
  ----------------------------------

  -------         MODULE        BETTER_BLINKER
  C:0016H         SYMBOL        BACK
  C:001EH         SYMBOL        JUMP
  C:0026H         SYMBOL        LOOP
  C:0014H         SYMBOL        ONESEC
  D:0080H         SYMBOL        P0
  D:0090H         SYMBOL        P1
  C:0000H         SYMBOL        START
  B:0088H.5       SYMBOL        TF0
  D:008CH         SYMBOL        TH0
  C:001BH         SYMBOL        TIMER1
  D:008AH         SYMBOL        TL0
  D:0089H         SYMBOL        TMOD
  B:0088H.4       SYMBOL        TR0
  C:0000H         LINE#         2
  C:0003H         LINE#         3
  C:0005H         LINE#         4
  C:0007H         LINE#         5
  C:0009H         LINE#         6
  C:000CH         LINE#         7
  C:000EH         LINE#         8
  C:0010H         LINE#         9
  C:0012H         LINE#         10
  C:0014H         LINE#         12
  C:0016H         LINE#         13
  C:0018H         LINE#         14
BL51 BANKED LINKER/LOCATER V6.22.4.0                                                  04/11/2024  00:11:03  PAGE 2


  C:001AH         LINE#         15
  C:001BH         LINE#         17
  C:001EH         LINE#         18
  C:0021H         LINE#         19
  C:0024H         LINE#         21
  C:0026H         LINE#         22
  C:0029H         LINE#         23
  C:002BH         LINE#         24
  C:002DH         LINE#         25
  -------         ENDMOD        BETTER_BLINKER

  -------         MODULE        DIFFERENT_BLINKER
  C:0013H         SYMBOL        DELAY
  C:0015H         SYMBOL        LOOP
  C:0000H         SYMBOL        MAIN
  D:0080H         SYMBOL        P0
  C:0009H         SYMBOL        START
  B:0088H.5       SYMBOL        TF0
  D:008CH         SYMBOL        TH0
  D:008AH         SYMBOL        TL0
  D:0089H         SYMBOL        TMOD
  B:0088H.4       SYMBOL        TR0
  C:0000H         LINE#         2
  C:0003H         LINE#         3
  C:0006H         LINE#         4
  C:0009H         LINE#         5
  C:000BH         LINE#         6
  C:000DH         LINE#         7
  C:000FH         LINE#         8
  C:0011H         LINE#         9
  C:0013H         LINE#         11
  C:0015H         LINE#         12
  C:0018H         LINE#         13
  C:001AH         LINE#         14
  C:001CH         LINE#         15
  -------         ENDMOD        DIFFERENT_BLINKER

  -------         MODULE        ONE_SECOND_BLINKER
  C:001AH         SYMBOL        DELAY
  C:001CH         SYMBOL        LOOP
  C:0000H         SYMBOL        MAIN
  C:0013H         SYMBOL        ONESEC
  D:0080H         SYMBOL        P0
  C:0015H         SYMBOL        SEC
  C:0009H         SYMBOL        START
  B:0088H.5       SYMBOL        TF0
  D:008CH         SYMBOL        TH0
  D:008AH         SYMBOL        TL0
  D:0089H         SYMBOL        TMOD
  B:0088H.4       SYMBOL        TR0
  C:0000H         LINE#         2
  C:0003H         LINE#         3
  C:0006H         LINE#         4
  C:0009H         LINE#         5
  C:000BH         LINE#         6
  C:000DH         LINE#         7
  C:000FH         LINE#         8
BL51 BANKED LINKER/LOCATER V6.22.4.0                                                  04/11/2024  00:11:03  PAGE 3


  C:0011H         LINE#         9
  C:0013H         LINE#         11
  C:0015H         LINE#         12
  C:0017H         LINE#         13
  C:0019H         LINE#         14
  C:001AH         LINE#         16
  C:001CH         LINE#         17
  C:001FH         LINE#         18
  C:0021H         LINE#         19
  C:0023H         LINE#         20
  -------         ENDMOD        ONE_SECOND_BLINKER

*** WARNING L5: CODE SPACE MEMORY OVERLAP
    FROM:    0000H
    TO:      002DH

*** WARNING L5: CODE SPACE MEMORY OVERLAP
    FROM:    0000H
    TO:      002DH

******************************************************************************
* RESTRICTED VERSION WITH 0800H BYTE CODE SIZE LIMIT; USED: 006FH BYTE ( 5%) *
******************************************************************************

Program Size: data=8.0 xdata=0 code=111
LINK/LOCATE RUN COMPLETE.  2 WARNING(S),  0 ERROR(S)
